// Jest Snapshot v1, https://goo.gl/fbAQLP

exports[`WORKOUT HISTORY should match snapshot 1`] = `
ShallowWrapper {
  "length": 1,
  Symbol(enzyme.__root__): [Circular],
  Symbol(enzyme.__unrendered__): <WorkoutHistory
    deleteWorkoutFromFirebase={[Function]}
    getWorkouts={[Function]}
    workouts={
        Object {
            "someKey1": Object {
              "exercises": Array [
                Object {
                  "exercise": "sample exercise1",
                  "reps": 10,
                },
                Object {
                  "exercise": "sample exercise2",
                  "reps": 10,
                },
              ],
              "workoutDesc": "local sample workout desc",
              "workoutName": "local sample workout name 1",
            },
            "someKey2": Object {
              "exercises": Array [
                Object {
                  "exercise": "sample exercise1",
                  "reps": 10,
                },
                Object {
                  "exercise": "sample exercise2",
                  "reps": 10,
                },
              ],
              "workoutDesc": "local sample workout desc",
              "workoutName": "local sample workout name 2",
            },
          }
    }
/>,
  Symbol(enzyme.__renderer__): Object {
    "batchedUpdates": [Function],
    "getNode": [Function],
    "render": [Function],
    "simulateEvent": [Function],
    "unmount": [Function],
  },
  Symbol(enzyme.__node__): Object {
    "instance": null,
    "key": undefined,
    "nodeType": "host",
    "props": Object {
      "children": Array [
        <article
          className="workout"
>
          <h3
                    className="workout-name"
          >
                    <span
                              className="workout-title"
                    >
                              Workout:
                    </span>
                     
                    local sample workout name 1
          </h3>
          <p
                    className="workout-desc"
          >
                    local sample workout desc
          </p>
          <ul
                    className="exercises"
          >
                    <li
                              className="exercises-header"
                    >
                              <p
                                        className="exercises-reps"
                              >
                                        Reps:
                              </p>
                              <p
                                        className="exercises-name"
                              >
                                        Exercises:
                              </p>
                    </li>
                    <li
                              className="exercise"
                    >
                              <p
                                        className="exercise-reps"
                              >
                                        10
                              </p>
                              <p
                                        className="exercise-name"
                              >
                                        sample exercise1
                              </p>
                    </li>
                    <li
                              className="exercise"
                    >
                              <p
                                        className="exercise-reps"
                              >
                                        10
                              </p>
                              <p
                                        className="exercise-name"
                              >
                                        sample exercise2
                              </p>
                    </li>
          </ul>
</article>,
        <article
          className="workout"
>
          <h3
                    className="workout-name"
          >
                    <span
                              className="workout-title"
                    >
                              Workout:
                    </span>
                     
                    local sample workout name 2
          </h3>
          <p
                    className="workout-desc"
          >
                    local sample workout desc
          </p>
          <ul
                    className="exercises"
          >
                    <li
                              className="exercises-header"
                    >
                              <p
                                        className="exercises-reps"
                              >
                                        Reps:
                              </p>
                              <p
                                        className="exercises-name"
                              >
                                        Exercises:
                              </p>
                    </li>
                    <li
                              className="exercise"
                    >
                              <p
                                        className="exercise-reps"
                              >
                                        10
                              </p>
                              <p
                                        className="exercise-name"
                              >
                                        sample exercise1
                              </p>
                    </li>
                    <li
                              className="exercise"
                    >
                              <p
                                        className="exercise-reps"
                              >
                                        10
                              </p>
                              <p
                                        className="exercise-name"
                              >
                                        sample exercise2
                              </p>
                    </li>
          </ul>
</article>,
      ],
      "className": "WorkoutHistory",
    },
    "ref": null,
    "rendered": Array [
      Object {
        "instance": null,
        "key": "0",
        "nodeType": "host",
        "props": Object {
          "children": Array [
            <h3
              className="workout-name"
>
              <span
                            className="workout-title"
              >
                            Workout:
              </span>
               
              local sample workout name 1
</h3>,
            <p
              className="workout-desc"
>
              local sample workout desc
</p>,
            <ul
              className="exercises"
>
              <li
                            className="exercises-header"
              >
                            <p
                                          className="exercises-reps"
                            >
                                          Reps:
                            </p>
                            <p
                                          className="exercises-name"
                            >
                                          Exercises:
                            </p>
              </li>
              <li
                            className="exercise"
              >
                            <p
                                          className="exercise-reps"
                            >
                                          10
                            </p>
                            <p
                                          className="exercise-name"
                            >
                                          sample exercise1
                            </p>
              </li>
              <li
                            className="exercise"
              >
                            <p
                                          className="exercise-reps"
                            >
                                          10
                            </p>
                            <p
                                          className="exercise-name"
                            >
                                          sample exercise2
                            </p>
              </li>
</ul>,
          ],
          "className": "workout",
        },
        "ref": null,
        "rendered": Array [
          Object {
            "instance": null,
            "key": undefined,
            "nodeType": "host",
            "props": Object {
              "children": Array [
                <span
                  className="workout-title"
>
                  Workout:
</span>,
                " ",
                "local sample workout name 1",
              ],
              "className": "workout-name",
            },
            "ref": null,
            "rendered": Array [
              Object {
                "instance": null,
                "key": undefined,
                "nodeType": "host",
                "props": Object {
                  "children": "Workout:",
                  "className": "workout-title",
                },
                "ref": null,
                "rendered": "Workout:",
                "type": "span",
              },
              " ",
              "local sample workout name 1",
            ],
            "type": "h3",
          },
          Object {
            "instance": null,
            "key": undefined,
            "nodeType": "host",
            "props": Object {
              "children": "local sample workout desc",
              "className": "workout-desc",
            },
            "ref": null,
            "rendered": "local sample workout desc",
            "type": "p",
          },
          Object {
            "instance": null,
            "key": undefined,
            "nodeType": "host",
            "props": Object {
              "children": Array [
                <li
                  className="exercises-header"
>
                  <p
                                    className="exercises-reps"
                  >
                                    Reps:
                  </p>
                  <p
                                    className="exercises-name"
                  >
                                    Exercises:
                  </p>
</li>,
                Array [
                  <li
                    className="exercise"
>
                    <p
                                        className="exercise-reps"
                    >
                                        10
                    </p>
                    <p
                                        className="exercise-name"
                    >
                                        sample exercise1
                    </p>
</li>,
                  <li
                    className="exercise"
>
                    <p
                                        className="exercise-reps"
                    >
                                        10
                    </p>
                    <p
                                        className="exercise-name"
                    >
                                        sample exercise2
                    </p>
</li>,
                ],
              ],
              "className": "exercises",
            },
            "ref": null,
            "rendered": Array [
              Object {
                "instance": null,
                "key": undefined,
                "nodeType": "host",
                "props": Object {
                  "children": Array [
                    <p
                      className="exercises-reps"
>
                      Reps:
</p>,
                    <p
                      className="exercises-name"
>
                      Exercises:
</p>,
                  ],
                  "className": "exercises-header",
                },
                "ref": null,
                "rendered": Array [
                  Object {
                    "instance": null,
                    "key": undefined,
                    "nodeType": "host",
                    "props": Object {
                      "children": "Reps:",
                      "className": "exercises-reps",
                    },
                    "ref": null,
                    "rendered": "Reps:",
                    "type": "p",
                  },
                  Object {
                    "instance": null,
                    "key": undefined,
                    "nodeType": "host",
                    "props": Object {
                      "children": "Exercises:",
                      "className": "exercises-name",
                    },
                    "ref": null,
                    "rendered": "Exercises:",
                    "type": "p",
                  },
                ],
                "type": "li",
              },
              Object {
                "instance": null,
                "key": "0",
                "nodeType": "host",
                "props": Object {
                  "children": Array [
                    <p
                      className="exercise-reps"
>
                      10
</p>,
                    <p
                      className="exercise-name"
>
                      sample exercise1
</p>,
                  ],
                  "className": "exercise",
                },
                "ref": null,
                "rendered": Array [
                  Object {
                    "instance": null,
                    "key": undefined,
                    "nodeType": "host",
                    "props": Object {
                      "children": 10,
                      "className": "exercise-reps",
                    },
                    "ref": null,
                    "rendered": 10,
                    "type": "p",
                  },
                  Object {
                    "instance": null,
                    "key": undefined,
                    "nodeType": "host",
                    "props": Object {
                      "children": "sample exercise1",
                      "className": "exercise-name",
                    },
                    "ref": null,
                    "rendered": "sample exercise1",
                    "type": "p",
                  },
                ],
                "type": "li",
              },
              Object {
                "instance": null,
                "key": "1",
                "nodeType": "host",
                "props": Object {
                  "children": Array [
                    <p
                      className="exercise-reps"
>
                      10
</p>,
                    <p
                      className="exercise-name"
>
                      sample exercise2
</p>,
                  ],
                  "className": "exercise",
                },
                "ref": null,
                "rendered": Array [
                  Object {
                    "instance": null,
                    "key": undefined,
                    "nodeType": "host",
                    "props": Object {
                      "children": 10,
                      "className": "exercise-reps",
                    },
                    "ref": null,
                    "rendered": 10,
                    "type": "p",
                  },
                  Object {
                    "instance": null,
                    "key": undefined,
                    "nodeType": "host",
                    "props": Object {
                      "children": "sample exercise2",
                      "className": "exercise-name",
                    },
                    "ref": null,
                    "rendered": "sample exercise2",
                    "type": "p",
                  },
                ],
                "type": "li",
              },
            ],
            "type": "ul",
          },
        ],
        "type": "article",
      },
      Object {
        "instance": null,
        "key": "1",
        "nodeType": "host",
        "props": Object {
          "children": Array [
            <h3
              className="workout-name"
>
              <span
                            className="workout-title"
              >
                            Workout:
              </span>
               
              local sample workout name 2
</h3>,
            <p
              className="workout-desc"
>
              local sample workout desc
</p>,
            <ul
              className="exercises"
>
              <li
                            className="exercises-header"
              >
                            <p
                                          className="exercises-reps"
                            >
                                          Reps:
                            </p>
                            <p
                                          className="exercises-name"
                            >
                                          Exercises:
                            </p>
              </li>
              <li
                            className="exercise"
              >
                            <p
                                          className="exercise-reps"
                            >
                                          10
                            </p>
                            <p
                                          className="exercise-name"
                            >
                                          sample exercise1
                            </p>
              </li>
              <li
                            className="exercise"
              >
                            <p
                                          className="exercise-reps"
                            >
                                          10
                            </p>
                            <p
                                          className="exercise-name"
                            >
                                          sample exercise2
                            </p>
              </li>
</ul>,
          ],
          "className": "workout",
        },
        "ref": null,
        "rendered": Array [
          Object {
            "instance": null,
            "key": undefined,
            "nodeType": "host",
            "props": Object {
              "children": Array [
                <span
                  className="workout-title"
>
                  Workout:
</span>,
                " ",
                "local sample workout name 2",
              ],
              "className": "workout-name",
            },
            "ref": null,
            "rendered": Array [
              Object {
                "instance": null,
                "key": undefined,
                "nodeType": "host",
                "props": Object {
                  "children": "Workout:",
                  "className": "workout-title",
                },
                "ref": null,
                "rendered": "Workout:",
                "type": "span",
              },
              " ",
              "local sample workout name 2",
            ],
            "type": "h3",
          },
          Object {
            "instance": null,
            "key": undefined,
            "nodeType": "host",
            "props": Object {
              "children": "local sample workout desc",
              "className": "workout-desc",
            },
            "ref": null,
            "rendered": "local sample workout desc",
            "type": "p",
          },
          Object {
            "instance": null,
            "key": undefined,
            "nodeType": "host",
            "props": Object {
              "children": Array [
                <li
                  className="exercises-header"
>
                  <p
                                    className="exercises-reps"
                  >
                                    Reps:
                  </p>
                  <p
                                    className="exercises-name"
                  >
                                    Exercises:
                  </p>
</li>,
                Array [
                  <li
                    className="exercise"
>
                    <p
                                        className="exercise-reps"
                    >
                                        10
                    </p>
                    <p
                                        className="exercise-name"
                    >
                                        sample exercise1
                    </p>
</li>,
                  <li
                    className="exercise"
>
                    <p
                                        className="exercise-reps"
                    >
                                        10
                    </p>
                    <p
                                        className="exercise-name"
                    >
                                        sample exercise2
                    </p>
</li>,
                ],
              ],
              "className": "exercises",
            },
            "ref": null,
            "rendered": Array [
              Object {
                "instance": null,
                "key": undefined,
                "nodeType": "host",
                "props": Object {
                  "children": Array [
                    <p
                      className="exercises-reps"
>
                      Reps:
</p>,
                    <p
                      className="exercises-name"
>
                      Exercises:
</p>,
                  ],
                  "className": "exercises-header",
                },
                "ref": null,
                "rendered": Array [
                  Object {
                    "instance": null,
                    "key": undefined,
                    "nodeType": "host",
                    "props": Object {
                      "children": "Reps:",
                      "className": "exercises-reps",
                    },
                    "ref": null,
                    "rendered": "Reps:",
                    "type": "p",
                  },
                  Object {
                    "instance": null,
                    "key": undefined,
                    "nodeType": "host",
                    "props": Object {
                      "children": "Exercises:",
                      "className": "exercises-name",
                    },
                    "ref": null,
                    "rendered": "Exercises:",
                    "type": "p",
                  },
                ],
                "type": "li",
              },
              Object {
                "instance": null,
                "key": "0",
                "nodeType": "host",
                "props": Object {
                  "children": Array [
                    <p
                      className="exercise-reps"
>
                      10
</p>,
                    <p
                      className="exercise-name"
>
                      sample exercise1
</p>,
                  ],
                  "className": "exercise",
                },
                "ref": null,
                "rendered": Array [
                  Object {
                    "instance": null,
                    "key": undefined,
                    "nodeType": "host",
                    "props": Object {
                      "children": 10,
                      "className": "exercise-reps",
                    },
                    "ref": null,
                    "rendered": 10,
                    "type": "p",
                  },
                  Object {
                    "instance": null,
                    "key": undefined,
                    "nodeType": "host",
                    "props": Object {
                      "children": "sample exercise1",
                      "className": "exercise-name",
                    },
                    "ref": null,
                    "rendered": "sample exercise1",
                    "type": "p",
                  },
                ],
                "type": "li",
              },
              Object {
                "instance": null,
                "key": "1",
                "nodeType": "host",
                "props": Object {
                  "children": Array [
                    <p
                      className="exercise-reps"
>
                      10
</p>,
                    <p
                      className="exercise-name"
>
                      sample exercise2
</p>,
                  ],
                  "className": "exercise",
                },
                "ref": null,
                "rendered": Array [
                  Object {
                    "instance": null,
                    "key": undefined,
                    "nodeType": "host",
                    "props": Object {
                      "children": 10,
                      "className": "exercise-reps",
                    },
                    "ref": null,
                    "rendered": 10,
                    "type": "p",
                  },
                  Object {
                    "instance": null,
                    "key": undefined,
                    "nodeType": "host",
                    "props": Object {
                      "children": "sample exercise2",
                      "className": "exercise-name",
                    },
                    "ref": null,
                    "rendered": "sample exercise2",
                    "type": "p",
                  },
                ],
                "type": "li",
              },
            ],
            "type": "ul",
          },
        ],
        "type": "article",
      },
    ],
    "type": "section",
  },
  Symbol(enzyme.__nodes__): Array [
    Object {
      "instance": null,
      "key": undefined,
      "nodeType": "host",
      "props": Object {
        "children": Array [
          <article
            className="workout"
>
            <h3
                        className="workout-name"
            >
                        <span
                                    className="workout-title"
                        >
                                    Workout:
                        </span>
                         
                        local sample workout name 1
            </h3>
            <p
                        className="workout-desc"
            >
                        local sample workout desc
            </p>
            <ul
                        className="exercises"
            >
                        <li
                                    className="exercises-header"
                        >
                                    <p
                                                className="exercises-reps"
                                    >
                                                Reps:
                                    </p>
                                    <p
                                                className="exercises-name"
                                    >
                                                Exercises:
                                    </p>
                        </li>
                        <li
                                    className="exercise"
                        >
                                    <p
                                                className="exercise-reps"
                                    >
                                                10
                                    </p>
                                    <p
                                                className="exercise-name"
                                    >
                                                sample exercise1
                                    </p>
                        </li>
                        <li
                                    className="exercise"
                        >
                                    <p
                                                className="exercise-reps"
                                    >
                                                10
                                    </p>
                                    <p
                                                className="exercise-name"
                                    >
                                                sample exercise2
                                    </p>
                        </li>
            </ul>
</article>,
          <article
            className="workout"
>
            <h3
                        className="workout-name"
            >
                        <span
                                    className="workout-title"
                        >
                                    Workout:
                        </span>
                         
                        local sample workout name 2
            </h3>
            <p
                        className="workout-desc"
            >
                        local sample workout desc
            </p>
            <ul
                        className="exercises"
            >
                        <li
                                    className="exercises-header"
                        >
                                    <p
                                                className="exercises-reps"
                                    >
                                                Reps:
                                    </p>
                                    <p
                                                className="exercises-name"
                                    >
                                                Exercises:
                                    </p>
                        </li>
                        <li
                                    className="exercise"
                        >
                                    <p
                                                className="exercise-reps"
                                    >
                                                10
                                    </p>
                                    <p
                                                className="exercise-name"
                                    >
                                                sample exercise1
                                    </p>
                        </li>
                        <li
                                    className="exercise"
                        >
                                    <p
                                                className="exercise-reps"
                                    >
                                                10
                                    </p>
                                    <p
                                                className="exercise-name"
                                    >
                                                sample exercise2
                                    </p>
                        </li>
            </ul>
</article>,
        ],
        "className": "WorkoutHistory",
      },
      "ref": null,
      "rendered": Array [
        Object {
          "instance": null,
          "key": "0",
          "nodeType": "host",
          "props": Object {
            "children": Array [
              <h3
                className="workout-name"
>
                <span
                                className="workout-title"
                >
                                Workout:
                </span>
                 
                local sample workout name 1
</h3>,
              <p
                className="workout-desc"
>
                local sample workout desc
</p>,
              <ul
                className="exercises"
>
                <li
                                className="exercises-header"
                >
                                <p
                                                className="exercises-reps"
                                >
                                                Reps:
                                </p>
                                <p
                                                className="exercises-name"
                                >
                                                Exercises:
                                </p>
                </li>
                <li
                                className="exercise"
                >
                                <p
                                                className="exercise-reps"
                                >
                                                10
                                </p>
                                <p
                                                className="exercise-name"
                                >
                                                sample exercise1
                                </p>
                </li>
                <li
                                className="exercise"
                >
                                <p
                                                className="exercise-reps"
                                >
                                                10
                                </p>
                                <p
                                                className="exercise-name"
                                >
                                                sample exercise2
                                </p>
                </li>
</ul>,
            ],
            "className": "workout",
          },
          "ref": null,
          "rendered": Array [
            Object {
              "instance": null,
              "key": undefined,
              "nodeType": "host",
              "props": Object {
                "children": Array [
                  <span
                    className="workout-title"
>
                    Workout:
</span>,
                  " ",
                  "local sample workout name 1",
                ],
                "className": "workout-name",
              },
              "ref": null,
              "rendered": Array [
                Object {
                  "instance": null,
                  "key": undefined,
                  "nodeType": "host",
                  "props": Object {
                    "children": "Workout:",
                    "className": "workout-title",
                  },
                  "ref": null,
                  "rendered": "Workout:",
                  "type": "span",
                },
                " ",
                "local sample workout name 1",
              ],
              "type": "h3",
            },
            Object {
              "instance": null,
              "key": undefined,
              "nodeType": "host",
              "props": Object {
                "children": "local sample workout desc",
                "className": "workout-desc",
              },
              "ref": null,
              "rendered": "local sample workout desc",
              "type": "p",
            },
            Object {
              "instance": null,
              "key": undefined,
              "nodeType": "host",
              "props": Object {
                "children": Array [
                  <li
                    className="exercises-header"
>
                    <p
                                        className="exercises-reps"
                    >
                                        Reps:
                    </p>
                    <p
                                        className="exercises-name"
                    >
                                        Exercises:
                    </p>
</li>,
                  Array [
                    <li
                      className="exercise"
>
                      <p
                                            className="exercise-reps"
                      >
                                            10
                      </p>
                      <p
                                            className="exercise-name"
                      >
                                            sample exercise1
                      </p>
</li>,
                    <li
                      className="exercise"
>
                      <p
                                            className="exercise-reps"
                      >
                                            10
                      </p>
                      <p
                                            className="exercise-name"
                      >
                                            sample exercise2
                      </p>
</li>,
                  ],
                ],
                "className": "exercises",
              },
              "ref": null,
              "rendered": Array [
                Object {
                  "instance": null,
                  "key": undefined,
                  "nodeType": "host",
                  "props": Object {
                    "children": Array [
                      <p
                        className="exercises-reps"
>
                        Reps:
</p>,
                      <p
                        className="exercises-name"
>
                        Exercises:
</p>,
                    ],
                    "className": "exercises-header",
                  },
                  "ref": null,
                  "rendered": Array [
                    Object {
                      "instance": null,
                      "key": undefined,
                      "nodeType": "host",
                      "props": Object {
                        "children": "Reps:",
                        "className": "exercises-reps",
                      },
                      "ref": null,
                      "rendered": "Reps:",
                      "type": "p",
                    },
                    Object {
                      "instance": null,
                      "key": undefined,
                      "nodeType": "host",
                      "props": Object {
                        "children": "Exercises:",
                        "className": "exercises-name",
                      },
                      "ref": null,
                      "rendered": "Exercises:",
                      "type": "p",
                    },
                  ],
                  "type": "li",
                },
                Object {
                  "instance": null,
                  "key": "0",
                  "nodeType": "host",
                  "props": Object {
                    "children": Array [
                      <p
                        className="exercise-reps"
>
                        10
</p>,
                      <p
                        className="exercise-name"
>
                        sample exercise1
</p>,
                    ],
                    "className": "exercise",
                  },
                  "ref": null,
                  "rendered": Array [
                    Object {
                      "instance": null,
                      "key": undefined,
                      "nodeType": "host",
                      "props": Object {
                        "children": 10,
                        "className": "exercise-reps",
                      },
                      "ref": null,
                      "rendered": 10,
                      "type": "p",
                    },
                    Object {
                      "instance": null,
                      "key": undefined,
                      "nodeType": "host",
                      "props": Object {
                        "children": "sample exercise1",
                        "className": "exercise-name",
                      },
                      "ref": null,
                      "rendered": "sample exercise1",
                      "type": "p",
                    },
                  ],
                  "type": "li",
                },
                Object {
                  "instance": null,
                  "key": "1",
                  "nodeType": "host",
                  "props": Object {
                    "children": Array [
                      <p
                        className="exercise-reps"
>
                        10
</p>,
                      <p
                        className="exercise-name"
>
                        sample exercise2
</p>,
                    ],
                    "className": "exercise",
                  },
                  "ref": null,
                  "rendered": Array [
                    Object {
                      "instance": null,
                      "key": undefined,
                      "nodeType": "host",
                      "props": Object {
                        "children": 10,
                        "className": "exercise-reps",
                      },
                      "ref": null,
                      "rendered": 10,
                      "type": "p",
                    },
                    Object {
                      "instance": null,
                      "key": undefined,
                      "nodeType": "host",
                      "props": Object {
                        "children": "sample exercise2",
                        "className": "exercise-name",
                      },
                      "ref": null,
                      "rendered": "sample exercise2",
                      "type": "p",
                    },
                  ],
                  "type": "li",
                },
              ],
              "type": "ul",
            },
          ],
          "type": "article",
        },
        Object {
          "instance": null,
          "key": "1",
          "nodeType": "host",
          "props": Object {
            "children": Array [
              <h3
                className="workout-name"
>
                <span
                                className="workout-title"
                >
                                Workout:
                </span>
                 
                local sample workout name 2
</h3>,
              <p
                className="workout-desc"
>
                local sample workout desc
</p>,
              <ul
                className="exercises"
>
                <li
                                className="exercises-header"
                >
                                <p
                                                className="exercises-reps"
                                >
                                                Reps:
                                </p>
                                <p
                                                className="exercises-name"
                                >
                                                Exercises:
                                </p>
                </li>
                <li
                                className="exercise"
                >
                                <p
                                                className="exercise-reps"
                                >
                                                10
                                </p>
                                <p
                                                className="exercise-name"
                                >
                                                sample exercise1
                                </p>
                </li>
                <li
                                className="exercise"
                >
                                <p
                                                className="exercise-reps"
                                >
                                                10
                                </p>
                                <p
                                                className="exercise-name"
                                >
                                                sample exercise2
                                </p>
                </li>
</ul>,
            ],
            "className": "workout",
          },
          "ref": null,
          "rendered": Array [
            Object {
              "instance": null,
              "key": undefined,
              "nodeType": "host",
              "props": Object {
                "children": Array [
                  <span
                    className="workout-title"
>
                    Workout:
</span>,
                  " ",
                  "local sample workout name 2",
                ],
                "className": "workout-name",
              },
              "ref": null,
              "rendered": Array [
                Object {
                  "instance": null,
                  "key": undefined,
                  "nodeType": "host",
                  "props": Object {
                    "children": "Workout:",
                    "className": "workout-title",
                  },
                  "ref": null,
                  "rendered": "Workout:",
                  "type": "span",
                },
                " ",
                "local sample workout name 2",
              ],
              "type": "h3",
            },
            Object {
              "instance": null,
              "key": undefined,
              "nodeType": "host",
              "props": Object {
                "children": "local sample workout desc",
                "className": "workout-desc",
              },
              "ref": null,
              "rendered": "local sample workout desc",
              "type": "p",
            },
            Object {
              "instance": null,
              "key": undefined,
              "nodeType": "host",
              "props": Object {
                "children": Array [
                  <li
                    className="exercises-header"
>
                    <p
                                        className="exercises-reps"
                    >
                                        Reps:
                    </p>
                    <p
                                        className="exercises-name"
                    >
                                        Exercises:
                    </p>
</li>,
                  Array [
                    <li
                      className="exercise"
>
                      <p
                                            className="exercise-reps"
                      >
                                            10
                      </p>
                      <p
                                            className="exercise-name"
                      >
                                            sample exercise1
                      </p>
</li>,
                    <li
                      className="exercise"
>
                      <p
                                            className="exercise-reps"
                      >
                                            10
                      </p>
                      <p
                                            className="exercise-name"
                      >
                                            sample exercise2
                      </p>
</li>,
                  ],
                ],
                "className": "exercises",
              },
              "ref": null,
              "rendered": Array [
                Object {
                  "instance": null,
                  "key": undefined,
                  "nodeType": "host",
                  "props": Object {
                    "children": Array [
                      <p
                        className="exercises-reps"
>
                        Reps:
</p>,
                      <p
                        className="exercises-name"
>
                        Exercises:
</p>,
                    ],
                    "className": "exercises-header",
                  },
                  "ref": null,
                  "rendered": Array [
                    Object {
                      "instance": null,
                      "key": undefined,
                      "nodeType": "host",
                      "props": Object {
                        "children": "Reps:",
                        "className": "exercises-reps",
                      },
                      "ref": null,
                      "rendered": "Reps:",
                      "type": "p",
                    },
                    Object {
                      "instance": null,
                      "key": undefined,
                      "nodeType": "host",
                      "props": Object {
                        "children": "Exercises:",
                        "className": "exercises-name",
                      },
                      "ref": null,
                      "rendered": "Exercises:",
                      "type": "p",
                    },
                  ],
                  "type": "li",
                },
                Object {
                  "instance": null,
                  "key": "0",
                  "nodeType": "host",
                  "props": Object {
                    "children": Array [
                      <p
                        className="exercise-reps"
>
                        10
</p>,
                      <p
                        className="exercise-name"
>
                        sample exercise1
</p>,
                    ],
                    "className": "exercise",
                  },
                  "ref": null,
                  "rendered": Array [
                    Object {
                      "instance": null,
                      "key": undefined,
                      "nodeType": "host",
                      "props": Object {
                        "children": 10,
                        "className": "exercise-reps",
                      },
                      "ref": null,
                      "rendered": 10,
                      "type": "p",
                    },
                    Object {
                      "instance": null,
                      "key": undefined,
                      "nodeType": "host",
                      "props": Object {
                        "children": "sample exercise1",
                        "className": "exercise-name",
                      },
                      "ref": null,
                      "rendered": "sample exercise1",
                      "type": "p",
                    },
                  ],
                  "type": "li",
                },
                Object {
                  "instance": null,
                  "key": "1",
                  "nodeType": "host",
                  "props": Object {
                    "children": Array [
                      <p
                        className="exercise-reps"
>
                        10
</p>,
                      <p
                        className="exercise-name"
>
                        sample exercise2
</p>,
                    ],
                    "className": "exercise",
                  },
                  "ref": null,
                  "rendered": Array [
                    Object {
                      "instance": null,
                      "key": undefined,
                      "nodeType": "host",
                      "props": Object {
                        "children": 10,
                        "className": "exercise-reps",
                      },
                      "ref": null,
                      "rendered": 10,
                      "type": "p",
                    },
                    Object {
                      "instance": null,
                      "key": undefined,
                      "nodeType": "host",
                      "props": Object {
                        "children": "sample exercise2",
                        "className": "exercise-name",
                      },
                      "ref": null,
                      "rendered": "sample exercise2",
                      "type": "p",
                    },
                  ],
                  "type": "li",
                },
              ],
              "type": "ul",
            },
          ],
          "type": "article",
        },
      ],
      "type": "section",
    },
  ],
  Symbol(enzyme.__options__): Object {
    "adapter": ReactSixteenAdapter {
      "options": Object {
        "enableComponentDidUpdateOnSetState": true,
      },
    },
  },
}
`;
